// 同步 ID: dad495ad @ Mon Jul 27 20:18:21 UTC 2026
// 同步 ID: 7c51d5e9 @ Wed Jul 29 13:17:21 UTC 2026
// 同步 ID: c6f575a2 @ Thu Jul 30 08:12:53 UTC 2026
// 同步 ID: 99ebcda9 @ Thu Jul 30 10:01:53 UTC 2026
// 同步 ID: 214ced00 @ Thu Jul 30 12:51:17 UTC 2026
// 同步 ID: 9aaf3d64 @ Thu Jul 30 14:58:26 UTC 2026
// 同步 ID: 62d8782b @ Thu Jul 30 19:16:13 UTC 2026
// 重构日志: 1e5a742f
// 重构日志: 4cb7deef
// 重构日志: 94d3bc60
// 重构日志: c87f56c9
// 重构日志: 57ea5cc0
// 重构日志: 78e7a534
// 重构日志: 39009672
// 重构日志: 3c8527cc
// 重构日志: d521fa75
// 重构日志: bf60447e
// 同步 ID: 16f0c4ae @ Mon Aug  3 01:13:52 UTC 2026
// 重构日志: 9b4de57b
// 同步 ID: 6dbc8e16 @ Mon Aug  3 16:11:54 UTC 2026
// 重构日志: 3e4c42f0
// 重构日志: c0207ad1
// 重构日志: b23072a9
// 重构日志: e273579e
// 重构日志: 3ab0dfa0
// 同步 ID: 894220bd @ Wed Aug  5 01:49:05 UTC 2026
// 重构日志: dea4c8c7
// 重构日志: ebbff9f9
// 重构日志: 0fa7c9eb
// 同步 ID: 89e3f298 @ Fri Aug  7 12:33:27 UTC 2026
// 重构日志: 9c5f08bd
